This is XeTeX, Version 3.141592653-2.6-0.999997 (MiKTeX 25.12) (preloaded format=xelatex.fmt)
 restricted \write18 enabled.
entering extended mode
(paper.tex
LaTeX2e <2025-11-01>
L3 programming layer <2025-12-24>
(D:\develop\MikTex\tex/latex/ctex\ctexart.cls

LaTeX Warning: You have requested release `2026/06/01' of LaTeX,
               but only release `2025-11-01' is available.

(D:\develop\MikTex\tex/latex/ctex/config\ctexbackend.cfg)
(D:\develop\MikTex\tex/latex/l3kernel\expl3.sty
(D:\develop\MikTex\tex/latex/l3backend\l3backend-xetex.def))
Document Class: ctexart 2026/08/11 v2.6.5 Chinese adapter for class article (CT
EX)
(D:\develop\MikTex\tex/latex/ctex\ctexhook.sty

LaTeX Warning: You have requested release `2026/06/01' of LaTeX,
               but only release `2025-11-01' is available.

) (D:\develop\MikTex\tex/latex/ctex\ctexpatch.sty

LaTeX Warning: You have requested release `2026/06/01' of LaTeX,
               but only release `2025-11-01' is available.

) (D:\develop\MikTex\tex/latex/base\fix-cm.sty
(D:\develop\MikTex\tex/latex/base\ts1enc.def))
(D:\develop\MikTex\tex/latex/ctex/config\ctexopts.cfg)
(D:\develop\MikTex\tex/latex/base\article.cls
Document Class: article 2025/01/22 v1.4n Standard LaTeX document class
(D:\develop\MikTex\tex/latex/base\size10.clo))
(D:\develop\MikTex\tex/latex/ctex/engine\ctex-engine-xetex.def
(D:\develop\MikTex\tex/xelatex/xecjk\xeCJK.sty

LaTeX Warning: You have requested release `2026/06/01' of LaTeX,
               but only release `2025-11-01' is available.

(D:\develop\MikTex\tex/latex/l3packages/xtemplate\xtemplate.sty)
(D:\develop\MikTex\tex/latex/fontspec\fontspec.sty
(D:\develop\MikTex\tex/latex/l3packages/xparse\xparse.sty)
(D:\develop\MikTex\tex/latex/fontspec\fontspec-xetex.sty
(D:\develop\MikTex\tex/latex/base\fontenc.sty)
(D:\develop\MikTex\tex/latex/fontspec\fontspec.cfg)))
(D:\develop\MikTex\tex/xelatex/xecjk\xeCJK.cfg)))
(D:\develop\MikTex\tex/latex/zhnumber\zhnumber.sty
(D:\develop\MikTex\tex/latex/zhnumber\zhnumber-utf8.cfg))
(D:\develop\MikTex\tex/latex/ctex/scheme\ctex-scheme-chinese-article.def
(D:\develop\MikTex\tex/latex/ctex/config\ctex-name-utf8.cfg))
(D:\develop\MikTex\tex/latex/ctex\ctex-c5size.clo)
(D:\develop\MikTex\tex/latex/ctex/fontset\ctex-fontset-windows.def))
(D:\develop\MikTex\tex/latex/ctex/config\ctex.cfg)
(D:\develop\MikTex\tex/latex/geometry\geometry.sty
(D:\develop\MikTex\tex/latex/graphics\keyval.sty)
(D:\develop\MikTex\tex/generic/iftex\ifvtex.sty
(D:\develop\MikTex\tex/generic/iftex\iftex.sty))
(D:\develop\MikTex\tex/latex/geometry\geometry.cfg))
(D:\develop\MikTex\tex/latex/booktabs\booktabs.sty)
(D:\develop\MikTex\tex/latex/tools\longtable.sty)
(D:\develop\MikTex\tex/latex/tools\array.sty)
(D:\develop\MikTex\tex/latex/tools\tabularx.sty) (paper.aux)
*geometry* driver: auto-detecting
*geometry* detected driver: xetex
miktex-dvipdfmx: major issue: So far, you have not checked for MiKTeX updates.
[1] [2] (paper.aux) )
Output written on paper.pdf (2 pages).
Transcript written on paper.log.
xelatex: major issue: So far, you have not checked for MiKTeX updates.
